
> jee-sprint-next@0.1.0 build
> next build

   Γû▓ Next.js 14.1.4
   - Environments: .env.local

   Creating an optimized production build ...
node.exe : Failed to 
compile.
At line:1 char:1
+ & "C:\Program 
Files\nodejs/node.exe" 
"C:\Program 
Files\nodejs/node_mo 
...
+ ~~~~~~~~~~~~~~~~~~~~~
~~~~~~~~~~~~~~~~~~~~~~~
~~~~~~~~~~~~~~~~~~~~~~~
~~
    + CategoryInfo     
         : NotSpecifi  
  ed: (Failed to com   
 pile.:String) [],     
RemoteException
    + FullyQualifiedEr 
   rorId : NativeComm  
  andError
 

./src/components/instit
ute/ResultReportExport.
jsx
Module not found: 
Can't resolve 
'jspdf-autotable'

https://nextjs.org/docs
/messages/module-not-fo
und

Import trace for 
requested module:
./src/app/institute/bat
ches/[id]/page.jsx


> Build failed because 
of webpack errors
